[2026-03-29 23:03:03] INFO syswatch started | interval: 60 s | log: logs/syswatch.log
[2026-03-29 23:03:03] INFO CPU 12.99 % | RAM: Total Ram: 16 GiB | DISK: 14 %
[2026-03-29 23:03:26] INFO syswatch STOPPED
[2026-03-29 23:12:14] INFO syswatch started | interval: 60 s | log: logs/syswatch.log
[2026-03-29 23:12:15] INFO CPU 11.13 % | RAM:  Gib/16 GiB GiB | DISK: 14 %
[2026-03-29 23:12:24] INFO syswatch STOPPED
[2026-03-29 23:12:49] INFO syswatch started | interval: 60 s | log: logs/syswatch.log
[2026-03-29 23:12:49] INFO CPU 10.81 % | RAM: /16 GiB GiB | DISK: 14 %
[2026-03-29 23:12:57] INFO syswatch STOPPED
[2026-03-29 23:13:16] INFO syswatch started | interval: 60 s | log: logs/syswatch.log
[2026-03-29 23:13:17] INFO CPU 23.42 % | RAM:  | DISK: 14 %
[2026-03-29 23:13:32] INFO syswatch STOPPED
[2026-03-29 23:14:05] INFO syswatch started | interval: 60 s | log: logs/syswatch.log
[2026-03-29 23:14:06] INFO CPU 12.85 % | RAM:  | DISK: 14 %
[2026-03-29 23:14:08] INFO syswatch STOPPED
[2026-03-29 23:30:04] INFO syswatch started | interval: 60 s | log: logs/syswatch.log
[2026-03-29 23:30:04] INFO CPU 12 % | RAM: 1.3GiB/16.0 | DISK: 14 %
[2026-03-29 23:30:13] INFO syswatch STOPPED
[2026-03-29 23:30:28] INFO syswatch started | interval: 10 s | log: logs/syswatch.log
[2026-03-29 23:30:28] INFO CPU 11 % | RAM: 1.3GiB/16.0 | DISK: 14 %
[2026-03-29 23:30:39] INFO CPU 12 % | RAM: 1.3GiB/16.0 | DISK: 14 %
[2026-03-29 23:30:50] INFO CPU 19 % | RAM: 1.2GiB/16.0 | DISK: 14 %
[2026-03-29 23:31:00] INFO CPU 15 % | RAM: 1.2GiB/16.0 | DISK: 14 %
[2026-03-29 23:31:07] INFO syswatch STOPPED
[2026-03-29 23:35:33] INFO syswatch started | interval: 5 s | log: logs/syswatch.log
[2026-03-29 23:35:34] INFO CPU 11 % | RAM: 1.3GiB/16.0 GiB | DISK: 14 %
[2026-03-29 23:35:35] INFO syswatch STOPPED
[2026-03-29 23:38:00] INFO syswatch started | interval: 5 s | log: logs/syswatch.log
[2026-03-29 23:38:01] INFO CPU 11 % | RAM: 1.2/16.0 GiB | DISK: 14 %
[2026-03-29 23:38:06] INFO CPU 13 % | RAM: 1.2/16.0 GiB | DISK: 14 %
[2026-03-29 23:38:12] INFO CPU 13 % | RAM: 1.2/16.0 GiB | DISK: 14 %
[2026-03-29 23:38:18] INFO CPU 13 % | RAM: 1.2/16.0 GiB | DISK: 14 %
[2026-03-29 23:38:23] INFO CPU 12 % | RAM: 1.2/16.0 GiB | DISK: 14 %
[2026-03-29 23:38:25] INFO syswatch STOPPED
[2026-03-29 23:39:06] INFO syswatch started | interval: 1 s | log: logs/syswatch.log
[2026-03-29 23:39:06] INFO CPU 11 % | RAM: 1.2 GiB/16.0 GiB | DISK: 14 %
[2026-03-29 23:39:08] INFO CPU 12 % | RAM: 1.2 GiB/16.0 GiB | DISK: 14 %
[2026-03-29 23:39:09] INFO CPU 11 % | RAM: 1.2 GiB/16.0 GiB | DISK: 14 %
[2026-03-29 23:39:11] INFO CPU 13 % | RAM: 1.2 GiB/16.0 GiB | DISK: 14 %
[2026-03-29 23:39:13] INFO CPU 11 % | RAM: 1.2 GiB/16.0 GiB | DISK: 14 %
[2026-03-29 23:39:13] INFO syswatch STOPPED
